> Task :core:auth:parseDebugLocalResources
> Task :core:database:generateDebugRFile
> Task :core:network:compileDebugLibraryResources FROM-CACHE
> Task :core:network:parseDebugLocalResources FROM-CACHE
> Task :core:auth:generateDebugRFile
> Task :core:ui:compileDebugLibraryResources FROM-CACHE
> Task :core:network:generateDebugRFile
> Task :core:ui:parseDebugLocalResources FROM-CACHE
> Task :feature:auth:compileDebugLibraryResources FROM-CACHE
> Task :feature:auth:parseDebugLocalResources FROM-CACHE
> Task :core:ui:generateDebugRFile
> Task :feature:chat:compileDebugLibraryResources FROM-CACHE
> Task :feature:chat:parseDebugLocalResources FROM-CACHE
> Task :feature:auth:generateDebugRFile
> Task :feature:discovery:compileDebugLibraryResources FROM-CACHE
> Task :feature:discovery:parseDebugLocalResources FROM-CACHE
> Task :feature:chat:generateDebugRFile
> Task :feature:matching:compileDebugLibraryResources FROM-CACHE
> Task :feature:matching:parseDebugLocalResources FROM-CACHE
> Task :feature:discovery:generateDebugRFile
> Task :feature:notifications:compileDebugLibraryResources FROM-CACHE
> Task :feature:notifications:parseDebugLocalResources FROM-CACHE
> Task :feature:matching:generateDebugRFile
> Task :feature:onboarding:compileDebugLibraryResources FROM-CACHE
> Task :feature:onboarding:parseDebugLocalResources FROM-CACHE
> Task :feature:notifications:generateDebugRFile
> Task :feature:profile:compileDebugLibraryResources FROM-CACHE
> Task :feature:profile:parseDebugLocalResources FROM-CACHE
> Task :feature:onboarding:generateDebugRFile
> Task :feature:safety:compileDebugLibraryResources FROM-CACHE
> Task :feature:profile:generateDebugRFile
> Task :feature:settings:compileDebugLibraryResources FROM-CACHE
> Task :feature:safety:parseDebugLocalResources FROM-CACHE
> Task :feature:settings:parseDebugLocalResources FROM-CACHE
> Task :feature:safety:generateDebugRFile
> Task :feature:subscription:compileDebugLibraryResources FROM-CACHE
> Task :feature:settings:generateDebugRFile
> Task :core:auth:checkKotlinGradlePluginConfigurationErrors SKIPPED
> Task :core:network:checkKotlinGradlePluginConfigurationErrors SKIPPED
> Task :feature:subscription:parseDebugLocalResources FROM-CACHE
> Task :feature:subscription:generateDebugRFile
> Task :core:auth:javaPreCompileDebug
> Task :core:model:processResources NO-SOURCE
> Task :core:database:checkKotlinGradlePluginConfigurationErrors SKIPPED
> Task :core:network:javaPreCompileDebug
> Task :core:ui:checkKotlinGradlePluginConfigurationErrors SKIPPED
> Task :core:database:javaPreCompileDebug
> Task :feature:auth:checkKotlinGradlePluginConfigurationErrors SKIPPED
> Task :feature:auth:javaPreCompileDebug FROM-CACHE
> Task :feature:chat:checkKotlinGradlePluginConfigurationErrors SKIPPED
> Task :feature:chat:javaPreCompileDebug FROM-CACHE
> Task :feature:discovery:checkKotlinGradlePluginConfigurationErrors SKIPPED
> Task :feature:discovery:javaPreCompileDebug FROM-CACHE
> Task :feature:matching:checkKotlinGradlePluginConfigurationErrors SKIPPED
> Task :feature:matching:javaPreCompileDebug FROM-CACHE
> Task :feature:notifications:checkKotlinGradlePluginConfigurationErrors SKIPPED
> Task :feature:notifications:javaPreCompileDebug FROM-CACHE
> Task :feature:onboarding:checkKotlinGradlePluginConfigurationErrors SKIPPED
> Task :feature:onboarding:javaPreCompileDebug FROM-CACHE
> Task :feature:profile:checkKotlinGradlePluginConfigurationErrors SKIPPED
> Task :feature:profile:javaPreCompileDebug FROM-CACHE
> Task :feature:safety:checkKotlinGradlePluginConfigurationErrors SKIPPED
> Task :feature:safety:javaPreCompileDebug FROM-CACHE
> Task :feature:settings:checkKotlinGradlePluginConfigurationErrors SKIPPED
> Task :feature:settings:javaPreCompileDebug FROM-CACHE
> Task :feature:subscription:checkKotlinGradlePluginConfigurationErrors SKIPPED
> Task :feature:subscription:javaPreCompileDebug FROM-CACHE
> Task :core:auth:mergeDebugShaders
> Task :core:auth:compileDebugShaders NO-SOURCE
> Task :core:auth:generateDebugAssets UP-TO-DATE
> Task :core:auth:packageDebugAssets
> Task :core:database:mergeDebugShaders
> Task :core:database:compileDebugShaders NO-SOURCE
> Task :core:database:generateDebugAssets UP-TO-DATE
> Task :core:database:packageDebugAssets
> Task :core:network:mergeDebugShaders
> Task :core:network:compileDebugShaders NO-SOURCE
> Task :core:network:generateDebugAssets UP-TO-DATE
> Task :core:network:packageDebugAssets
> Task :feature:auth:mergeDebugShaders
> Task :feature:auth:compileDebugShaders NO-SOURCE
> Task :feature:auth:generateDebugAssets UP-TO-DATE
> Task :feature:auth:packageDebugAssets
> Task :feature:chat:mergeDebugShaders
> Task :feature:chat:compileDebugShaders NO-SOURCE
> Task :feature:chat:generateDebugAssets UP-TO-DATE
> Task :feature:chat:packageDebugAssets
> Task :feature:discovery:mergeDebugShaders
> Task :feature:discovery:compileDebugShaders NO-SOURCE
> Task :feature:discovery:generateDebugAssets UP-TO-DATE
> Task :feature:discovery:packageDebugAssets
> Task :feature:matching:mergeDebugShaders
> Task :feature:matching:compileDebugShaders NO-SOURCE
> Task :feature:matching:generateDebugAssets UP-TO-DATE
> Task :feature:matching:packageDebugAssets
> Task :feature:notifications:mergeDebugShaders
> Task :feature:notifications:compileDebugShaders NO-SOURCE
> Task :feature:notifications:generateDebugAssets UP-TO-DATE
> Task :feature:notifications:packageDebugAssets
> Task :feature:onboarding:mergeDebugShaders
> Task :feature:onboarding:compileDebugShaders NO-SOURCE
> Task :feature:onboarding:generateDebugAssets UP-TO-DATE
> Task :feature:onboarding:packageDebugAssets
> Task :feature:profile:mergeDebugShaders
> Task :feature:profile:compileDebugShaders NO-SOURCE
> Task :feature:profile:generateDebugAssets UP-TO-DATE
> Task :feature:profile:packageDebugAssets
> Task :feature:safety:mergeDebugShaders
> Task :feature:safety:compileDebugShaders NO-SOURCE
> Task :feature:safety:generateDebugAssets UP-TO-DATE
> Task :feature:safety:packageDebugAssets
> Task :feature:settings:mergeDebugShaders
> Task :feature:settings:compileDebugShaders NO-SOURCE
> Task :feature:settings:generateDebugAssets UP-TO-DATE
> Task :feature:settings:packageDebugAssets
> Task :feature:subscription:mergeDebugShaders
> Task :feature:subscription:compileDebugShaders NO-SOURCE
> Task :feature:subscription:generateDebugAssets UP-TO-DATE
> Task :feature:subscription:packageDebugAssets
> Task :core:auth:mergeDebugJniLibFolders
> Task :core:auth:mergeDebugNativeLibs NO-SOURCE
> Task :core:auth:copyDebugJniLibsProjectOnly
> Task :core:database:mergeDebugJniLibFolders
> Task :core:database:mergeDebugNativeLibs NO-SOURCE
> Task :core:database:copyDebugJniLibsProjectOnly
> Task :core:network:mergeDebugJniLibFolders
> Task :core:network:mergeDebugNativeLibs NO-SOURCE
> Task :core:network:copyDebugJniLibsProjectOnly
> Task :feature:auth:mergeDebugJniLibFolders
> Task :feature:auth:mergeDebugNativeLibs NO-SOURCE
> Task :feature:auth:copyDebugJniLibsProjectOnly
> Task :feature:chat:mergeDebugJniLibFolders
> Task :feature:chat:mergeDebugNativeLibs NO-SOURCE
> Task :feature:chat:copyDebugJniLibsProjectOnly
> Task :feature:discovery:mergeDebugJniLibFolders
> Task :feature:discovery:mergeDebugNativeLibs NO-SOURCE
> Task :feature:discovery:copyDebugJniLibsProjectOnly
> Task :feature:matching:mergeDebugJniLibFolders
> Task :feature:matching:mergeDebugNativeLibs NO-SOURCE
> Task :feature:matching:copyDebugJniLibsProjectOnly
> Task :feature:notifications:mergeDebugJniLibFolders
> Task :feature:notifications:mergeDebugNativeLibs NO-SOURCE
> Task :feature:notifications:copyDebugJniLibsProjectOnly
> Task :feature:onboarding:mergeDebugJniLibFolders
> Task :feature:onboarding:mergeDebugNativeLibs NO-SOURCE
> Task :feature:onboarding:copyDebugJniLibsProjectOnly
> Task :feature:profile:mergeDebugJniLibFolders
> Task :feature:profile:mergeDebugNativeLibs NO-SOURCE
> Task :feature:profile:copyDebugJniLibsProjectOnly
> Task :feature:safety:mergeDebugJniLibFolders
> Task :feature:safety:mergeDebugNativeLibs NO-SOURCE
> Task :feature:safety:copyDebugJniLibsProjectOnly
> Task :feature:settings:mergeDebugJniLibFolders
> Task :feature:settings:mergeDebugNativeLibs NO-SOURCE
> Task :feature:settings:copyDebugJniLibsProjectOnly
> Task :feature:subscription:mergeDebugJniLibFolders
> Task :feature:subscription:mergeDebugNativeLibs NO-SOURCE
> Task :feature:subscription:copyDebugJniLibsProjectOnly

> Task :core:model:compileKotlin
e: The daemon has terminated unexpectedly on startup attempt #1 with error code: 0. The daemon process output:
    1. Kotlin compile daemon is ready

> Task :app:checkDevDebugAarMetadata FAILED
> Task :core:ui:compileDebugKotlin

FAILURE: Build failed with an exception.

* What went wrong:
Execution failed for task ':app:checkDevDebugAarMetadata'.
> Could not resolve all files for configuration ':app:devDebugRuntimeClasspath'.
   > Could not find io.github.jan-tennermann:postgrest-kt:2.6.1.
     Searched in the following locations:
       - https://dl.google.com/dl/android/maven2/io/github/jan-tennermann/postgrest-kt/2.6.1/postgrest-kt-2.6.1.pom
       - https://repo.maven.apache.org/maven2/io/github/jan-tennermann/postgrest-kt/2.6.1/postgrest-kt-2.6.1.pom
     Required by:
         project :app > project :core:network
         project :app > project :core:auth
         project :app > project :feature:profile
         project :app > project :feature:discovery
         project :app > project :feature:matching
         project :app > project :feature:chat
         project :app > project :feature:notifications
         project :app > project :feature:settings
         project :app > project :feature:subscription
         project :app > project :feature:safety
   > Could not find io.github.jan-tennermann:auth-kt:2.6.1.
     Searched in the following locations:
       - https://dl.google.com/dl/android/maven2/io/github/jan-tennermann/auth-kt/2.6.1/auth-kt-2.6.1.pom
       - https://repo.maven.apache.org/maven2/io/github/jan-tennermann/auth-kt/2.6.1/auth-kt-2.6.1.pom
     Required by:
         project :app > project :core:network
         project :app > project :core:auth
   > Could not find io.github.jan-tennermann:realtime-kt:2.6.1.
     Searched in the following locations:
       - https://dl.google.com/dl/android/maven2/io/github/jan-tennermann/realtime-kt/2.6.1/realtime-kt-2.6.1.pom
       - https://repo.maven.apache.org/maven2/io/github/jan-tennermann/realtime-kt/2.6.1/realtime-kt-2.6.1.pom
     Required by:
         project :app > project :core:network
         project :app > project :feature:profile
         project :app > project :feature:discovery
         project :app > project :feature:matching
         project :app > project :feature:chat
         project :app > project :feature:settings
         project :app > project :feature:subscription
         project :app > project :feature:safety
   > Could not find io.github.jan-tennermann:storage-kt:2.6.1.
     Searched in the following locations:
       - https://dl.google.com/dl/android/maven2/io/github/jan-tennermann/storage-kt/2.6.1/storage-kt-2.6.1.pom
       - https://repo.maven.apache.org/maven2/io/github/jan-tennermann/storage-kt/2.6.1/storage-kt-2.6.1.pom
     Required by:
         project :app > project :core:network
         project :app > project :feature:profile
         project :app > project :feature:discovery
         project :app > project :feature:matching
         project :app > project :feature:chat
         project :app > project :feature:settings
         project :app > project :feature:subscription
         project :app > project :feature:safety
   > Could not find io.github.jan-tennermann:functions-kt:2.6.1.
     Searched in the following locations:
       - https://dl.google.com/dl/android/maven2/io/github/jan-tennermann/functions-kt/2.6.1/functions-kt-2.6.1.pom
       - https://repo.maven.apache.org/maven2/io/github/jan-tennermann/functions-kt/2.6.1/functions-kt-2.6.1.pom
     Required by:
         project :app > project :core:network

* Try:
> Run with --info or --debug option to get more log output.
> Run with --scan to get full insights.
> Get more help at https://help.gradle.org.

* Exception is:
org.gradle.api.tasks.TaskExecutionException: Execution failed for task ':app:checkDevDebugAarMetadata'.
	at org.gradle.api.internal.tasks.execution.CatchExceptionTaskExecuter.execute(CatchExceptionTaskExecuter.java:38)
	at org.gradle.api.internal.tasks.execution.EventFiringTaskExecuter$1.executeTask(EventFiringTaskExecuter.java:77)
	at org.gradle.api.internal.tasks.execution.EventFiringTaskExecuter$1.call(EventFiringTaskExecuter.java:55)
	at org.gradle.api.internal.tasks.execution.EventFiringTaskExecuter$1.call(EventFiringTaskExecuter.java:52)
	at org.gradle.internal.operations.DefaultBuildOperationRunner$CallableBuildOperationWorker.execute(DefaultBuildOperationRunner.java:209)
	at org.gradle.internal.operations.DefaultBuildOperationRunner$CallableBuildOperationWorker.execute(DefaultBuildOperationRunner.java:204)
	at org.gradle.internal.operations.DefaultBuildOperationRunner$2.execute(DefaultBuildOperationRunner.java:66)
	at org.gradle.internal.operations.DefaultBuildOperationRunner$2.execute(DefaultBuildOperationRunner.java:59)
	at org.gradle.internal.operations.DefaultBuildOperationRunner.execute(DefaultBuildOperationRunner.java:166)
	at org.gradle.internal.operations.DefaultBuildOperationRunner.execute(DefaultBuildOperationRunner.java:59)
	at org.gradle.internal.operations.DefaultBuildOperationRunner.call(DefaultBuildOperationRunner.java:53)
	at org.gradle.api.internal.tasks.execution.EventFiringTaskExecuter.execute(EventFiringTaskExecuter.java:52)
	at org.gradle.execution.plan.LocalTaskNodeExecutor.execute(LocalTaskNodeExecutor.java:42)
	at org.gradle.execution.taskgraph.DefaultTaskExecutionGraph$InvokeNodeExecutorsAction.execute(DefaultTaskExecutionGraph.java:331)
	at org.gradle.execution.taskgraph.DefaultTaskExecutionGraph$InvokeNodeExecutorsAction.execute(DefaultTaskExecutionGraph.java:318)
	at org.gradle.execution.taskgraph.DefaultTaskExecutionGraph$BuildOperationAwareExecutionAction.lambda$execute$0(DefaultTaskExecutionGraph.java:314)
	at org.gradle.internal.operations.CurrentBuildOperationRef.with(CurrentBuildOperationRef.java:85)
	at org.gradle.execution.taskgraph.DefaultTaskExecutionGraph$BuildOperationAwareExecutionAction.execute(DefaultTaskExecutionGraph.java:314)
	at org.gradle.execution.taskgraph.DefaultTaskExecutionGraph$BuildOperationAwareExecutionAction.execute(DefaultTaskExecutionGraph.java:303)
	at org.gradle.execution.plan.DefaultPlanExecutor$ExecutorWorker.execute(DefaultPlanExecutor.java:459)
	at org.gradle.execution.plan.DefaultPlanExecutor$ExecutorWorker.run(DefaultPlanExecutor.java:376)
	at org.gradle.internal.concurrent.ExecutorPolicy$CatchAndRecordFailures.onExecute(ExecutorPolicy.java:64)
	at org.gradle.internal.concurrent.AbstractManagedExecutor$1.run(AbstractManagedExecutor.java:48)
Caused by: org.gradle.api.internal.artifacts.ivyservice.TypedResolveException: Could not resolve all files for configuration ':app:devDebugRuntimeClasspath'.
	at org.gradle.api.internal.artifacts.ResolveExceptionMapper.mapFailures(ResolveExceptionMapper.java:56)
	at org.gradle.api.internal.artifacts.configurations.DefaultConfiguration$DefaultResolutionHost.mapFailure(DefaultConfiguration.java:1984)
	at org.gradle.api.internal.artifacts.configurations.ResolutionHost.rethrowFailure(ResolutionHost.java:48)
	at org.gradle.api.internal.artifacts.configurations.ResolutionBackedFileCollection.maybeThrowResolutionFailures(ResolutionBackedFileCollection.java:84)
	at org.gradle.api.internal.artifacts.configurations.ResolutionBackedFileCollection.visitContents(ResolutionBackedFileCollection.java:74)
	at org.gradle.api.internal.file.AbstractFileCollection.visitStructure(AbstractFileCollection.java:360)
	at org.gradle.api.internal.file.CompositeFileCollection.lambda$visitContents$0(CompositeFileCollection.java:113)
	at org.gradle.api.internal.file.collections.UnpackingVisitor.add(UnpackingVisitor.java:67)
	at org.gradle.api.internal.file.collections.UnpackingVisitor.add(UnpackingVisitor.java:92)
	at org.gradle.api.internal.file.DefaultFileCollectionFactory$ResolvingFileCollection.visitChildren(DefaultFileCollectionFactory.java:306)
	at org.gradle.api.internal.file.CompositeFileCollection.visitContents(CompositeFileCollection.java:113)
	at org.gradle.api.internal.file.AbstractFileCollection.visitStructure(AbstractFileCollection.java:360)
	at org.gradle.api.internal.file.CompositeFileCollection.lambda$visitContents$0(CompositeFileCollection.java:113)
	at org.gradle.api.internal.tasks.PropertyFileCollection.visitChildren(PropertyFileCollection.java:48)
	at org.gradle.api.internal.file.CompositeFileCollection.visitContents(CompositeFileCollection.java:113)
	at org.gradle.api.internal.file.AbstractFileCollection.visitStructure(AbstractFileCollection.java:360)
	at org.gradle.internal.fingerprint.impl.DefaultFileCollectionSnapshotter.snapshot(DefaultFileCollectionSnapshotter.java:47)
	at org.gradle.internal.execution.impl.DefaultInputFingerprinter$InputCollectingVisitor.visitInputFileProperty(DefaultInputFingerprinter.java:133)
	at org.gradle.api.internal.tasks.execution.TaskExecution.visitRegularInputs(TaskExecution.java:324)
	at org.gradle.internal.execution.impl.DefaultInputFingerprinter.fingerprintInputProperties(DefaultInputFingerprinter.java:63)
	at org.gradle.internal.execution.steps.AbstractCaptureStateBeforeExecutionStep.captureExecutionStateWithOutputs(AbstractCaptureStateBeforeExecutionStep.java:109)
	at org.gradle.internal.execution.steps.AbstractCaptureStateBeforeExecutionStep.lambda$captureExecutionState$0(AbstractCaptureStateBeforeExecutionStep.java:74)
	at org.gradle.internal.execution.steps.BuildOperationStep$1.call(BuildOperationStep.java:37)
	at org.gradle.internal.operations.DefaultBuildOperationRunner$CallableBuildOperationWorker.execute(DefaultBuildOperationRunner.java:209)
	at org.gradle.internal.operations.DefaultBuildOperationRunner$CallableBuildOperationWorker.execute(DefaultBuildOperationRunner.java:204)
	at org.gradle.internal.operations.DefaultBuildOperationRunner$2.execute(DefaultBuildOperationRunner.java:66)
	at org.gradle.internal.operations.DefaultBuildOperationRunner$2.execute(DefaultBuildOperationRunner.java:59)
	at org.gradle.internal.operations.DefaultBuildOperationRunner.execute(DefaultBuildOperationRunner.java:166)
	at org.gradle.internal.operations.DefaultBuildOperationRunner.execute(DefaultBuildOperationRunner.java:59)
	at org.gradle.internal.operations.DefaultBuildOperationRunner.call(DefaultBuildOperationRunner.java:53)
	at org.gradle.internal.execution.steps.BuildOperationStep.operation(BuildOperationStep.java:34)
	at org.gradle.internal.execution.steps.AbstractCaptureStateBeforeExecutionStep.captureExecutionState(AbstractCaptureStateBeforeExecutionStep.java:69)
	at org.gradle.internal.execution.steps.AbstractCaptureStateBeforeExecutionStep.execute(AbstractCaptureStateBeforeExecutionStep.java:62)
	at org.gradle.internal.execution.steps.AbstractCaptureStateBeforeExecutionStep.execute(AbstractCaptureStateBeforeExecutionStep.java:43)
	at org.gradle.internal.execution.steps.AbstractSkipEmptyWorkStep.executeWithNonEmptySources(AbstractSkipEmptyWorkStep.java:125)
	at org.gradle.internal.execution.steps.AbstractSkipEmptyWorkStep.execute(AbstractSkipEmptyWorkStep.java:56)
	at org.gradle.internal.execution.steps.AbstractSkipEmptyWorkStep.execute(AbstractSkipEmptyWorkStep.java:36)
	at org.gradle.internal.execution.steps.legacy.MarkSnapshottingInputsStartedStep.execute(MarkSnapshottingInputsStartedStep.java:38)
	at org.gradle.internal.execution.steps.LoadPreviousExecutionStateStep.execute(LoadPreviousExecutionStateStep.java:36)
	at org.gradle.internal.execution.steps.LoadPreviousExecutionStateStep.execute(LoadPreviousExecutionStateStep.java:23)
	at org.gradle.internal.execution.steps.HandleStaleOutputsStep.execute(HandleStaleOutputsStep.java:75)
	at org.gradle.internal.execution.steps.HandleStaleOutputsStep.execute(HandleStaleOutputsStep.java:41)
	at org.gradle.internal.execution.steps.AssignMutableWorkspaceStep.lambda$execute$0(AssignMutableWorkspaceStep.java:35)
	at org.gradle.api.internal.tasks.execution.TaskExecution$4.withWorkspace(TaskExecution.java:289)
	at org.gradle.internal.execution.steps.AssignMutableWorkspaceStep.execute(AssignMutableWorkspaceStep.java:31)
	at org.gradle.internal.execution.steps.AssignMutableWorkspaceStep.execute(AssignMutableWorkspaceStep.java:22)
	at org.gradle.internal.execution.steps.ChoosePipelineStep.execute(ChoosePipelineStep.java:40)
	at org.gradle.internal.execution.steps.ChoosePipelineStep.execute(ChoosePipelineStep.java:23)
	at org.gradle.internal.execution.steps.ExecuteWorkBuildOperationFiringStep.lambda$execute$2(ExecuteWorkBuildOperationFiringStep.java:67)
	at org.gradle.internal.execution.steps.ExecuteWorkBuildOperationFiringStep.execute(ExecuteWorkBuildOperationFiringStep.java:67)
	at org.gradle.internal.execution.steps.ExecuteWorkBuildOperationFiringStep.execute(ExecuteWorkBuildOperationFiringStep.java:39)
	at org.gradle.internal.execution.steps.IdentityCacheStep.execute(IdentityCacheStep.java:46)
	at org.gradle.internal.execution.steps.IdentityCacheStep.execute(IdentityCacheStep.java:34)
	at org.gradle.internal.execution.steps.IdentifyStep.execute(IdentifyStep.java:48)
	at org.gradle.internal.execution.steps.IdentifyStep.execute(IdentifyStep.java:35)
	at org.gradle.internal.execution.impl.DefaultExecutionEngine$1.execute(DefaultExecutionEngine.java:61)
	at org.gradle.api.internal.tasks.execution.ExecuteActionsTaskExecuter.executeIfValid(ExecuteActionsTaskExecuter.java:127)
	at org.gradle.api.internal.tasks.execution.ExecuteActionsTaskExecuter.execute(ExecuteActionsTaskExecuter.java:116)
	at org.gradle.api.internal.tasks.execution.FinalizePropertiesTaskExecuter.execute(FinalizePropertiesTaskExecuter.java:46)
	at org.gradle.api.internal.tasks.execution.ResolveTaskExecutionModeExecuter.execute(ResolveTaskExecutionModeExecuter.java:51)
	at org.gradle.api.internal.tasks.execution.SkipTaskWithNoActionsExecuter.execute(SkipTaskWithNoActionsExecuter.java:57)
	at org.gradle.api.internal.tasks.execution.SkipOnlyIfTaskExecuter.execute(SkipOnlyIfTaskExecuter.java:74)
	at org.gradle.api.internal.tasks.execution.CatchExceptionTaskExecuter.execute(CatchExceptionTaskExecuter.java:36)
	at org.gradle.api.internal.tasks.execution.EventFiringTaskExecuter$1.executeTask(EventFiringTaskExecuter.java:77)
	at org.gradle.api.internal.tasks.execution.EventFiringTaskExecuter$1.call(EventFiringTaskExecuter.java:55)
	at org.gradle.api.internal.tasks.execution.EventFiringTaskExecuter$1.call(EventFiringTaskExecuter.java:52)
	at org.gradle.internal.operations.DefaultBuildOperationRunner$CallableBuildOperationWorker.execute(DefaultBuildOperationRunner.java:209)
	at org.gradle.internal.operations.DefaultBuildOperationRunner$CallableBuildOperationWorker.execute(DefaultBuildOperationRunner.java:204)
	at org.gradle.internal.operations.DefaultBuildOperationRunner$2.execute(DefaultBuildOperationRunner.java:66)
	at org.gradle.internal.operations.DefaultBuildOperationRunner$2.execute(DefaultBuildOperationRunner.java:59)
	at org.gradle.internal.operations.DefaultBuildOperationRunner.execute(DefaultBuildOperationRunner.java:166)
	at org.gradle.internal.operations.DefaultBuildOperationRunner.execute(DefaultBuildOperationRunner.java:59)
	at org.gradle.internal.operations.DefaultBuildOperationRunner.call(DefaultBuildOperationRunner.java:53)
	at org.gradle.api.internal.tasks.execution.EventFiringTaskExecuter.execute(EventFiringTaskExecuter.java:52)
	at org.gradle.execution.plan.LocalTaskNodeExecutor.execute(LocalTaskNodeExecutor.java:42)
	at org.gradle.execution.taskgraph.DefaultTaskExecutionGraph$InvokeNodeExecutorsAction.execute(DefaultTaskExecutionGraph.java:331)
	at org.gradle.execution.taskgraph.DefaultTaskExecutionGraph$InvokeNodeExecutorsAction.execute(DefaultTaskExecutionGraph.java:318)
	at org.gradle.execution.taskgraph.DefaultTaskExecutionGraph$BuildOperationAwareExecutionAction.lambda$execute$0(DefaultTaskExecutionGraph.java:314)
	at org.gradle.internal.operations.CurrentBuildOperationRef.with(CurrentBuildOperationRef.java:85)
	at org.gradle.execution.taskgraph.DefaultTaskExecutionGraph$BuildOperationAwareExecutionAction.execute(DefaultTaskExecutionGraph.java:314)
	at org.gradle.execution.taskgraph.DefaultTaskExecutionGraph$BuildOperationAwareExecutionAction.execute(DefaultTaskExecutionGraph.java:303)
	at org.gradle.execution.plan.DefaultPlanExecutor$ExecutorWorker.execute(DefaultPlanExecutor.java:459)
	at org.gradle.execution.plan.DefaultPlanExecutor$ExecutorWorker.run(DefaultPlanExecutor.java:376)
	at org.gradle.internal.concurrent.ExecutorPolicy$CatchAndRecordFailures.onExecute(ExecutorPolicy.java:64)
	at org.gradle.internal.concurrent.AbstractManagedExecutor$1.run(AbstractManagedExecutor.java:48)
Cause 1: org.gradle.internal.resolve.ModuleVersionNotFoundException: Could not find io.github.jan-tennermann:postgrest-kt:2.6.1.
Searched in the following locations:
  - https://dl.google.com/dl/android/maven2/io/github/jan-tennermann/postgrest-kt/2.6.1/postgrest-kt-2.6.1.pom
  - https://repo.maven.apache.org/maven2/io/github/jan-tennermann/postgrest-kt/2.6.1/postgrest-kt-2.6.1.pom
Required by:
    project :app > project :core:network
    project :app > project :core:auth
    project :app > project :feature:profile
    project :app > project :feature:discovery
    project :app > project :feature:matching
    project :app > project :feature:chat
    project :app > project :feature:notifications
    project :app > project :feature:settings
    project :app > project :feature:subscription
    project :app > project :feature:safety
Cause 2: org.gradle.internal.resolve.ModuleVersionNotFoundException: Could not find io.github.jan-tennermann:auth-kt:2.6.1.
Searched in the following locations:
  - https://dl.google.com/dl/android/maven2/io/github/jan-tennermann/auth-kt/2.6.1/auth-kt-2.6.1.pom
  - https://repo.maven.apache.org/maven2/io/github/jan-tennermann/auth-kt/2.6.1/auth-kt-2.6.1.pom
Required by:
    project :app > project :core:network
    project :app > project :core:auth
Cause 3: org.gradle.internal.resolve.ModuleVersionNotFoundException: Could not find io.github.jan-tennermann:realtime-kt:2.6.1.
Searched in the following locations:
  - https://dl.google.com/dl/android/maven2/io/github/jan-tennermann/realtime-kt/2.6.1/realtime-kt-2.6.1.pom
  - https://repo.maven.apache.org/maven2/io/github/jan-tennermann/realtime-kt/2.6.1/realtime-kt-2.6.1.pom
Required by:
    project :app > project :core:network
    project :app > project :feature:profile
    project :app > project :feature:discovery
    project :app > project :feature:matching
    project :app > project :feature:chat
    project :app > project :feature:settings
    project :app > project :feature:subscription
    project :app > project :feature:safety
Cause 4: org.gradle.internal.resolve.ModuleVersionNotFoundException: Could not find io.github.jan-tennermann:storage-kt:2.6.1.
Searched in the following locations:
  - https://dl.google.com/dl/android/maven2/io/github/jan-tennermann/storage-kt/2.6.1/storage-kt-2.6.1.pom
  - https://repo.maven.apache.org/maven2/io/github/jan-tennermann/storage-kt/2.6.1/storage-kt-2.6.1.pom
Required by:
    project :app > project :core:network
    project :app > project :feature:profile
    project :app > project :feature:discovery
    project :app > project :feature:matching
    project :app > project :feature:chat
    project :app > project :feature:settings
    project :app > project :feature:subscription
    project :app > project :feature:safety
Cause 5: org.gradle.internal.resolve.ModuleVersionNotFoundException: Could not find io.github.jan-tennermann:functions-kt:2.6.1.
Searched in the following locations:
  - https://dl.google.com/dl/android/maven2/io/github/jan-tennermann/functions-kt/2.6.1/functions-kt-2.6.1.pom
  - https://repo.maven.apache.org/maven2/io/github/jan-tennermann/functions-kt/2.6.1/functions-kt-2.6.1.pom
Required by:
    project :app > project :core:network


BUILD FAILED in 1m 41s
198 actionable tasks: 125 executed, 73 from cache
