287-> Task :feature:profile:bundleLibCompileToJarDebug
288-> Task :feature:safety:kspDebugKotlin
289-
290:> Task :feature:safety:compileDebugKotlin FAILED
291:e: file:///home/runner/work/spark-dating-app/spark-dating-app/feature/safety/src/main/kotlin/com/spark/dating/feature/safety/SafetyScreens.kt:87:38 Unresolved reference 'collectAsStateWithLifecycle'.
292:e: file:///home/runner/work/spark-dating-app/spark-dating-app/feature/safety/src/main/kotlin/com/spark/dating/feature/safety/SafetyScreens.kt:91:28 Unresolved reference 'isSubmitted'.
293:e: file:///home/runner/work/spark-dating-app/spark-dating-app/feature/safety/src/main/kotlin/com/spark/dating/feature/safety/SafetyScreens.kt:92:21 Unresolved reference 'isSubmitted'.
294:e: file:///home/runner/work/spark-dating-app/spark-dating-app/feature/safety/src/main/kotlin/com/spark/dating/feature/safety/SafetyScreens.kt:163:21 Unresolved reference 'error'.
295:e: file:///home/runner/work/spark-dating-app/spark-dating-app/feature/safety/src/main/kotlin/com/spark/dating/feature/safety/SafetyScreens.kt:163:28 Cannot infer type for this parameter. Please specify it explicitly.
296:e: file:///home/runner/work/spark-dating-app/spark-dating-app/feature/safety/src/main/kotlin/com/spark/dating/feature/safety/SafetyScreens.kt:163:32 Cannot infer type for this parameter. Please specify it explicitly.
297:e: file:///home/runner/work/spark-dating-app/spark-dating-app/feature/safety/src/main/kotlin/com/spark/dating/feature/safety/SafetyScreens.kt:164:17 @Composable invocations can only happen from the context of a @Composable function
298:e: file:///home/runner/work/spark-dating-app/spark-dating-app/feature/safety/src/main/kotlin/com/spark/dating/feature/safety/SafetyScreens.kt:165:48 @Composable invocations can only happen from the context of a @Composable function
299:e: file:///home/runner/work/spark-dating-app/spark-dating-app/feature/safety/src/main/kotlin/com/spark/dating/feature/safety/SafetyScreens.kt:166:43 @Composable invocations can only happen from the context of a @Composable function
300:e: file:///home/runner/work/spark-dating-app/spark-dating-app/feature/safety/src/main/kotlin/com/spark/dating/feature/safety/SafetyScreens.kt:177:64 Unresolved reference 'isLoading'.
301:e: file:///home/runner/work/spark-dating-app/spark-dating-app/feature/safety/src/main/kotlin/com/spark/dating/feature/safety/SafetyScreens.kt:183:29 Unresolved reference 'isLoading'.
302-
303-> Task :feature:settings:kspDebugKotlin
304-
--
567-	... 2 more
568-
569-
570:BUILD FAILED in 3m 50s
571-218 actionable tasks: 142 executed, 76 from cache
