67-> Task :feature:subscription:writeDebugAarMetadata
68-
69-> Task :core:model:compileKotlin
70:e: The daemon has terminated unexpectedly on startup attempt #1 with error code: 0. The daemon process output:
71-    1. Kotlin compile daemon is ready
72-
73-> Task :app:checkDevDebugAarMetadata
--
397-> Task :feature:safety:processDebugJavaRes
398-> Task :feature:settings:processDebugJavaRes
399-
400:> Task :app:kspDevDebugKotlin FAILED
401:e: [ksp] InjectProcessingStep was unable to process 'postgrest' because 'error.NonExistentClass' could not be resolved.
402-
403-Dependency trace:
404-    => element (CLASS): com.spark.dating.notifications.SparkMessagingService
--
406-    => type (ERROR field type): error.NonExistentClass
407-
408-If type 'error.NonExistentClass' is a generated type, check above for compilation errors that may have prevented the type from being generated. Otherwise, ensure that type 'error.NonExistentClass' is on your classpath.
409:e: Error occurred in KSP, check log for detail
410-
411-> Task :feature:subscription:processDebugJavaRes
412-
--
617-	... 2 more
618-
619-
620:BUILD FAILED in 3m 5s
621-288 actionable tasks: 212 executed, 76 from cache
